// Jest Snapshot v1, https://goo.gl/fbAQLP

exports[`InputDateExtended renders component correctly 1`] = `
<div
  style="display: flex; flex-direction: column; box-sizing: border-box; flex: 0 0 auto;"
>
  <div
    class="ac-input-container"
    style="display: flex;"
  >
    <div
      style="width: 100%; min-width: 0px;"
    >
      <div
        class="ms-DatePicker root-109"
        id="date"
      >
        <div>
          <div
            class="ms-TextField textField-116"
          >
            <div
              class="ms-TextField-wrapper"
            >
              <div
                class="ms-TextField-fieldGroup fieldGroup-117"
              >
                <input
                  aria-describedby="TextFieldDescription9"
                  aria-expanded="false"
                  aria-haspopup="dialog"
                  aria-invalid="false"
                  class="ms-TextField-field field-118"
                  data-is-focusable="true"
                  id="date-label"
                  placeholder="Enter a date"
                  role="combobox"
                  type="text"
                  value="Tue May 14 2019"
                />
                <i
                  aria-hidden="true"
                  class="ms-DatePicker-event--without-label msDatePickerDisabled icon-129"
                  data-icon-name="Calendar"
                >
                  îž‡
                </i>
              </div>
            </div>
            <span
              id="TextFieldDescription9"
            >
              <div
                aria-live="assertive"
                class="statusMessage-112"
              />
              
            </span>
          </div>
        </div>
      </div>
    </div>
  </div>
</div>
`;
